$ rulec source outdated rules/厚生年金保険料.rule --lang ja
厚生年金保険法: 2026-05-25 施行の改正では、引用している箇所は変わりません
厚生年金保険法: 2026-10-01 施行の改正では、引用している箇所は変わりません
厚生年金保険法: 2026-12-01 施行の改正では、引用している箇所は変わりません
厚生年金保険法: 2027-09-01 施行の改正で 第20条 が変わります。その日から効く版には、読み直した規則が要ります
  `source 厚生年金保険法_20270901 = law "329AC0000000115" asof 2027-09-01` を足し、その日以後に効く行をそこから写してください
  第20条: - 六〇五、〇〇〇円以上
  第20条: - 毎年三月三十一日における全被保険者の標準報酬月額を平均した額の百分の二百に相当する額が標準報酬月額等級の最高等級の標準報酬月額を超える場合において、その状態が継続すると認められるときは、その年の九月一日から、健康保険法（大正十一年法律第七十号）第四十条第一項に規定する標準報酬月額の等級区分を参酌して、政令で、当該最高等級の上に更に等級を加える標準報酬月額の等級区分の改定を行うことができる。
  第20条: + 六〇五、〇〇〇円以上六三五、〇〇〇円未満
  第20条: + 第三二級
  第20条: + 六五〇、〇〇〇円
  第20条: + 六三五、〇〇〇円以上六六五、〇〇〇円未満
  第20条: + 第三三級
  第20条: + 六八〇、〇〇〇円
  第20条: + 六六五、〇〇〇円以上
  第20条: + 毎年三月三十一日における標準報酬月額等級の最高等級に該当する被保険者数の被保険者総数に占める割合が百分の四を超える場合において、その状態が継続すると認められるときは、その年の九月一日から、健康保険法（大正十一年法律第七十号）第四十条第一項に規定する標準報酬月額の等級区分を参酌して、政令で、当該最高等級の上に更に等級を加える標準報酬月額の等級区分の改定を行うことができる。
  第20条: + …（あと 1 行）
厚生年金保険法: 2027-10-01 施行の改正では、引用している箇所は変わりません
厚生年金保険法: 2028-04-01 施行の改正では、引用している箇所は変わりません
厚生年金保険法: 2028-06-13 施行の改正では、引用している箇所は変わりません
厚生年金保険法: 2028-09-01 施行の改正で 第20条 が変わります。その日から効く版には、読み直した規則が要ります
  `source 厚生年金保険法_20280901 = law "329AC0000000115" asof 2028-09-01` を足し、その日以後に効く行をそこから写してください
  第20条: - 六六五、〇〇〇円以上
  第20条: + 六六五、〇〇〇円以上六九五、〇〇〇円未満
  第20条: + 第三四級
  第20条: + 七一〇、〇〇〇円
  第20条: + 六九五、〇〇〇円以上
厚生年金保険法: 2029-04-01 施行の改正では、引用している箇所は変わりません
厚生年金保険法: 2029-06-19 施行の改正では、引用している箇所は変わりません
厚生年金保険法: 2029-09-01 施行の改正で 第20条 が変わります。その日から効く版には、読み直した規則が要ります
  `source 厚生年金保険法_20290901 = law "329AC0000000115" asof 2029-09-01` を足し、その日以後に効く行をそこから写してください
  第20条: - 六九五、〇〇〇円以上
  第20条: + 六九五、〇〇〇円以上七三〇、〇〇〇円未満
  第20条: + 第三五級
  第20条: + 七五〇、〇〇〇円
  第20条: + 七三〇、〇〇〇円以上
厚生年金保険法: 2029-10-01 施行の改正では、引用している箇所は変わりません
exit=1

$ rulec source outdated rules/一般の厚生年金保険料.rule --lang ja
厚生年金保険法: 2026-05-25 施行の改正では、引用している箇所は変わりません
厚生年金保険法: 2026-10-01 施行の改正では、引用している箇所は変わりません
厚生年金保険法: 2026-12-01 施行の改正では、引用している箇所は変わりません
厚生年金保険法: 2027-09-01 施行の改正では、引用している箇所は変わりません
厚生年金保険法: 2027-10-01 施行の改正では、引用している箇所は変わりません
厚生年金保険法: 2028-04-01 施行の改正では、引用している箇所は変わりません
厚生年金保険法: 2028-06-13 施行の改正では、引用している箇所は変わりません
厚生年金保険法: 2028-09-01 施行の改正では、引用している箇所は変わりません
厚生年金保険法: 2029-04-01 施行の改正では、引用している箇所は変わりません
厚生年金保険法: 2029-06-19 施行の改正では、引用している箇所は変わりません
厚生年金保険法: 2029-09-01 施行の改正では、引用している箇所は変わりません
厚生年金保険法: 2029-10-01 施行の改正では、引用している箇所は変わりません
exit=0

$ rulec source outdated rules/健康保険料.rule --lang ja
健康保険法: 2026-05-25 施行の改正では、引用している箇所は変わりません
健康保険法: 2026-06-05 施行の改正では、引用している箇所は変わりません
健康保険法: 2026-08-01 施行の改正では、引用している箇所は変わりません
健康保険法: 2026-10-01 施行の改正では、引用している箇所は変わりません
健康保険法: 2027-04-01 施行の改正では、引用している箇所は変わりません
健康保険法: 2027-05-20 施行の改正では、引用している箇所は変わりません
健康保険法: 2027-06-04 施行の改正では、引用している箇所は変わりません
健康保険法: 2027-10-01 施行の改正では、引用している箇所は変わりません
健康保険法: 2028-06-04 施行の改正では、引用している箇所は変わりません
健康保険法: 2028-12-11 施行の改正では、引用している箇所は変わりません
健康保険法: 2029-06-24 施行の改正では、引用している箇所は変わりません
健康保険法: 2029-10-01 施行の改正では、引用している箇所は変わりません
exit=0

