$ 印紙税の本則と軽減.rule の二つの asof を 2024-01-01 に戻して写し直し（fetch, pin, check は通る）、outdated に問う
$ rulec source outdated 印紙税.rule --lang ja
法: 2024-02-26 施行の改正では、引用している箇所は変わりません
法: 2024-04-01 施行の改正では、引用している箇所は変わりません
法: 2024-05-24 施行の改正では、引用している箇所は変わりません
法: 2024-06-12 施行の改正では、引用している箇所は変わりません
法: 2024-10-01 施行の改正では、引用している箇所は変わりません
法: 2024-11-08 施行の改正では、引用している箇所は変わりません
法: 2024-11-18 施行の改正で 別表第一 が変わります。その日から効く版には、読み直した規則が要ります
  `source 法_20241118 = law "342AC0000000023" asof 2024-11-18` を足し、作成日 >=2024-11-18 の行をそこから写してください
  別表第一: - １ 不動産、鉱業権、無体財産権、船舶若しくは航空機又は営業の譲渡に関する契約書
  別表第一: + １ 不動産、鉱業権、貯留権、二酸化炭素の貯留事業に関する法律（令和六年法律第三十八号）第二条第八項（定義）に規定する試掘権、無体財産権、船舶若しくは航空機又は営業の譲渡に関する契約書
法: 2025-04-01 施行の改正では、引用している箇所は変わりません
法: 2025-06-01 施行の改正では、引用している箇所は変わりません
法: 2025-08-04 施行の改正では、引用している箇所は変わりません
法: 2025-10-01 施行の改正で 別表第一 が変わります。その日から効く版には、読み直した規則が要ります
  `source 法_20251001 = law "342AC0000000023" asof 2025-10-01` を足し、作成日 >=2025-10-01 の行をそこから写してください
  別表第一: - １ 株式会社又は相互会社の定款のうち、公証人法第六十二条ノ三第三項（定款の認証手続）の規定により公証人の保存するもの以外のもの
  別表第一: + １ 株式会社又は相互会社の定款のうち、公証人法第五十八条第三項（書面の定款の認証）の規定により公証人の保存するもの以外のもの
法: 2026-04-01 施行の改正で 別表第一 が変わります。その日から効く版には、読み直した規則が要ります
  `source 法_20260401 = law "342AC0000000023" asof 2026-04-01` を足し、作成日 >=2026-04-01 の行をそこから写してください
  別表第一: + １ 公益信託に関する法律（令和六年法律第三十号）第二条第一項第一号（定義）に規定する公益信託の信託行為に関する契約書（同法第六条（公益信託の効力）の規定による行政庁の認可又は同法第二十二条第一項（公益信託の併合等の認可）の規定による行政庁の認可（併合に係るものに限る。）を受けた後に作成されるものに限る。）
法: 2026-06-01 施行の改正では、引用している箇所は変わりません
法: 2026-06-03 施行の改正では、引用している箇所は変わりません
法: 2026-10-01 施行の改正では、引用している箇所は変わりません
法: 2026-12-04 施行の改正では、引用している箇所は変わりません
法: 2027-04-01 施行の改正では、引用している箇所は変わりません
法: 2027-06-18 施行の改正では、引用している箇所は変わりません
法: 2028-06-13 施行の改正では、引用している箇所は変わりません
法: 2028-12-11 施行の改正では、引用している箇所は変わりません
法: 2029-12-11 施行の改正では、引用している箇所は変わりません
措置法: 2024-04-01 施行の改正で 第91条 が変わります。その日から効く版には、読み直した規則が要ります
  `source 措置法_20240401 = law "332AC0000000026" asof 2024-04-01` を足し、作成日 >=2024-04-01 の行をそこから写してください
  第91条: - 平成九年四月一日から平成二十六年三月三十一日までの間に作成される印紙税法別表第一第一号の物件名の欄１に掲げる不動産の譲渡に関する契約書（一の文書が当該契約書と当該契約書以外の同号に掲げる契約書とに該当する場合における当該一の文書を含む。次項及び次条第一項において「不動産譲渡契約書」という。）又は同表第二号に掲げる請負に関する契約書（建設業法第二条第一項に規定する建設工事の請負に係る契約に基づき作成されるものに限る。第三項及び次条第一項において「建設工事請負契約書」という。）のうち、これらの契約書に記載された契約金額が千万円を超えるものに係る印紙税の税率は、同表第一号及び第二号の規定にかかわらず、次の各号に掲げる契約金額の区分に応じ、一通につき、当該各号に定める金額とする。
  第91条: - 一万五千円
  第91条: - 四万五千円
  第91条: - 八万円
  第91条: - 十八万円
  第91条: - 三十六万円
  第91条: - 五十四万円
  第91条: - 平成二十六年四月一日から令和六年三月三十一日までの間に作成される不動産譲渡契約書のうち、当該不動産譲渡契約書に記載された契約金額が十万円を超えるものに係る印紙税の税率は、印紙税法別表第一第一号の規定にかかわらず、次の各号に掲げる契約金額の区分に応じ、一通につき、当該各号に定める金額とする。
  第91条: - …（あと 3 行）
  第91条: + 平成二十六年四月一日から令和九年三月三十一日までの間に作成される印紙税法別表第一第一号の物件名の欄１に掲げる不動産の譲渡に関する契約書（一の文書が当該契約書と当該契約書以外の同号に掲げる契約書とに該当する場合における当該一の文書を含む。以下この項及び次条第一項において「不動産譲渡契約書」という。）のうち、当該不動産譲渡契約書に記載された契約金額が十万円を超えるものに係る印紙税の税率は、同号の規定にかかわらず、次の各号に掲げる契約金額の区分に応じ、一通につき、当該各号に定める金額とする。
  第91条: + 平成二十六年四月一日から令和九年三月三十一日までの間に作成される印紙税法別表第一第二号に掲げる請負に関する契約書（建設業法第二条第一項に規定する建設工事の請負に係る契約に基づき作成されるものに限る。以下この項及び次条第一項において「建設工事請負契約書」という。）のうち、当該建設工事請負契約書に記載された契約金額が百万円を超えるものに係る印紙税の税率は、同号の規定にかかわらず、次の各号に掲げる契約金額の区分に応じ、一通につき、当該各号に定める金額とする。
  第91条: + 前二項の規定の適用がある場合における印紙税法第四条第四項及び別表第一の課税物件表の適用に関する通則３の規定の適用については、同項第一号中「十万円」とあるのは「十万円（当該課税文書が租税特別措置法（昭和三十二年法律第二十六号）第九十一条第一項に規定する不動産譲渡契約書である場合にあつては、五十万円）」と、同項第二号中「百万円」とあるのは「百万円（当該課税文書が租税特別措置法第九十一条第二項に規定する建設工事請負契約書である場合にあつては、二百万円）」と、同法別表第一の課税物件表の適用に関する通則３ホ中「十万円」とあるのは「十万円（同号に掲げる文書が租税特別措置法第九十一条第一項に規定する不動産譲渡契約書である場合にあつては、五十万円）」と、「契約金額が百万円」とあるのは「契約金額が百万円（同号に掲げる文書が同条第二項に規定する建設工事請負契約書である場合にあつては、二百万円）」とする。
措置法: 2024-04-19 施行の改正では、引用している箇所は変わりません
措置法: 2024-06-01 施行の改正では、引用している箇所は変わりません
措置法: 2024-09-02 施行の改正では、引用している箇所は変わりません
措置法: 2024-10-01 施行の改正では、引用している箇所は変わりません
措置法: 2024-11-01 施行の改正では、引用している箇所は変わりません
措置法: 2024-11-08 施行の改正では、引用している箇所は変わりません
措置法: 2025-01-01 施行の改正では、引用している箇所は変わりません
措置法: 2025-01-08 施行の改正では、引用している箇所は変わりません
措置法: 2025-04-01 施行の改正では、引用している箇所は変わりません
措置法: 2025-05-01 施行の改正では、引用している箇所は変わりません
措置法: 2025-06-01 施行の改正では、引用している箇所は変わりません
措置法: 2025-08-04 施行の改正では、引用している箇所は変わりません
措置法: 2025-10-01 施行の改正では、引用している箇所は変わりません
措置法: 2025-11-21 施行の改正では、引用している箇所は変わりません
措置法: 2025-12-01 施行の改正では、引用している箇所は変わりません
措置法: 2025-12-05 施行の改正では、引用している箇所は変わりません
措置法: 2025-12-31 施行の改正では、引用している箇所は変わりません
措置法: 2026-01-01 施行の改正では、引用している箇所は変わりません
措置法: 2026-04-01 施行の改正では、引用している箇所は変わりません
措置法: 2026-05-01 施行の改正では、引用している箇所は変わりません
措置法: 2026-06-25 施行の改正では、引用している箇所は変わりません
措置法: 2026-07-31 施行の改正では、引用している箇所は変わりません
措置法: 2026-08-12 施行の改正では、引用している箇所は変わりません
措置法: 2026-10-01 施行の改正では、引用している箇所は変わりません
措置法: 2026-10-16 施行の改正では、引用している箇所は変わりません
措置法: 2026-11-01 施行の改正では、引用している箇所は変わりません
措置法: 2026-11-26 施行の改正では、引用している箇所は変わりません
措置法: 2026-12-01 施行の改正では、引用している箇所は変わりません
措置法: 2026-12-04 施行の改正では、引用している箇所は変わりません
措置法: 2027-01-01 施行の改正では、引用している箇所は変わりません
措置法: 2027-05-20 施行の改正では、引用している箇所は変わりません
措置法: 2027-05-26 施行の改正では、引用している箇所は変わりません
措置法: 2027-06-18 施行の改正では、引用している箇所は変わりません
措置法: 2027-07-22 施行の改正では、引用している箇所は変わりません
措置法: 2028-01-01 施行の改正では、引用している箇所は変わりません
措置法: 2028-04-01 施行の改正では、引用している箇所は変わりません
措置法: 2030-01-01 施行の改正では、引用している箇所は変わりません
exit=1
